
> billngai-app@2.0.13 test
> node --test test/*.test.cjs

✔ effects default off; preference is local and playback errors cannot change financial records (24.9719ms)
✔ explicit preview works while effects are off; unknown assets never start (3.3359ms)
✔ voice playback is explicit, exclusive, and survives stale rejection/completion from prior clips (3.7468ms)
✔ guide can be stopped with its own button and English UI explicitly labels Thai speech (3.3465ms)
✔ draft saves stay quiet; failed issuance never plays completion; successful receipt creation is idempotent (58.3251ms)
✔ PDF cancellation is silent, export success cues once, and export failure never sounds successful (4.0499ms)
✔ packaging includes local effects and female voices only (1.7972ms)
✔ trusted control taps survive a render, stay short and quiet, and throttle rapid repeats (4.849ms)
✔ taps exclude disabled and synthetic controls, audio UI, outcome actions, typing and active speech (3.6449ms)
✔ bulk proposals preserve all originals, counters and payment totals (27.2639ms)
✔ eligibility rejects deleted, VAT, unknown currency, split and malformed records without selecting them (6.4102ms)
✔ delivery and VAT require explicit valid facts, not prefilled assumptions (3.9751ms)
✔ stale preview and stale source during backup never save (5.3794ms)
✔ backup failure and false/rejected save roll back the whole batch (15.5368ms)
✔ repeated preparation and concurrent submission cannot create duplicates (4.3715ms)
✔ render failure after successful save does not roll memory back (3.7683ms)
✔ review screen escapes untrusted values and exports review-only packet (44.6139ms)
✔ correction event validators match and reject fake issued proposals (110.9625ms)
✔ milestone sequence and count render as inert text in list and lineage (55.6791ms)
✔ failed settings save retains original data and entered form value without success (5.7776ms)
✔ failed customer edits preserve data and keep the form available for retry (5.2758ms)
✔ customer deletion false/rejected saves roll back before allowing retry (9.3818ms)
✔ retained deleted and voided documents prevent removal of referenced customer context (4.6997ms)
✔ customer deletion busy guard prevents a second staged delete during a slow write (5.9131ms)
✔ asset removal failures retain the original image and do not render success (12.2735ms)
✔ asset file selection persists once and restores prior image on failure (10.8894ms)
✔ late image reads cannot overwrite a changed profile or race an issuance write (9.1915ms)
✔ failed image reads and unsupported asset keys never mutate business data (3.5024ms)
✔ inline renderer syntax remains valid (12.629ms)
✔ all cloud mutation/read/ack IPC entries fail before touching data (72.8403ms)
✔ renderer sync/connect/restore and e-Tax entry points are contained (2.3943ms)
✔ fresh profile never assumes VAT registration or a 3 percent withholding rule (1.3984ms)
✔ income report uses the same unique payment set and never counts draft receipts (50.8026ms)
✔ CSV treats formulas as text, quotes carriage returns and does not invent payment dates (4.5424ms)
✔ legacy draft VAT correction is explicit, unsaved and resets confirmations (5.228ms)
✔ imported draft numeric/date fields cannot break out of editor attributes (4.6871ms)
✔ record-payment button opens a date modal without mutating an issued invoice (56.8855ms)
✔ payment modal validates actual date and full-payment confirmation before persisting (6.9435ms)
✔ payment save failure leaves invoice and counters unchanged and can retry with explicit facts (5.1747ms)
✔ voided invoice no longer appears collectible or exposes a payment quick action (5.1927ms)
✔ legacy, deleted and voided invoices never offer impossible one-click payment actions (3.5841ms)
✔ declining an issued quotation preserves the frozen original and changes commercial status (4.5794ms)
✔ source no longer uses unsupported browser prompt for native document actions (0.6111ms)
✔ draft warning belongs to paper content and is not a print-hidden banner (5.7377ms)
✔ legacy tax-invoice drafts cannot print, share or reach tax-labelled paper (3.3147ms)
✔ malformed nested import is rejected before it can replace the active database (5.7873ms)
✔ imported IDs round-trip through inline-handler encoding as data, never executable code (11.6163ms)
✔ actual imported document row handlers keep a crafted ID inert (4.7032ms)
✔ issued snapshot freezes financial inputs, identity, language, dates and rendered color (55.8934ms)
✔ snapshot computes exactly once and does not nest on repeated freezing (4.3599ms)
✔ legacy issued migration retains original number, absent currency and old tombstones (4.3264ms)
✔ missing legacy status is conservatively treated as issued (3.1824ms)
✔ legacy output is quarantined while raw calculation does not follow current VAT profile (4.2381ms)
✔ currency is not a withholding exemption (3.1549ms)
✔ English-only ordinary receipts fall back to bilingual product scope (4.0361ms)
✔ draft paper is clearly marked and is not issued (5.531ms)
✔ duplicate issued numbers block both originals including retained tombstones (5.082ms)
✔ issued deletion is refused without changing the record (7.8274ms)
✔ void requires reason and keeps amounts, original copy and payment identity (5.7294ms)
✔ failed void persistence restores all fields (5.4068ms)
✔ PDF/direct print and beforeprint keyboard path cannot emit quarantined originals (4.7364ms)
✔ archive exposes retained raw review data and JSON export without authoritative output (4.602ms)
✔ malformed snapshot is quarantined and cannot crash computation or migration (4.6555ms)
✔ persisted snapshot HTML is never injected and image/quantity/currency inputs are escaped (5.8602ms)
✔ existing issued records cannot receive invented snapshots (6.0205ms)
✔ receipt freeze may inherit original invoice identity without touching current profiles (5.4813ms)
✔ issuance requires explicit non-VAT status; tax invoices always rejected (22.695ms)
✔ rejects invalid dates, payment acknowledgement, numeric inputs and issuer fields (7.5933ms)
✔ issuance freezes output and does not consume records or numbers after failed storage (51.2028ms)
✔ new numbers never reuse retained deleted or void numbers (5.4062ms)
✔ receipt shortcut rejects draft payment and returns a single receipt for repeated clicks (7.1405ms)
✔ derived receipt preserves the payment withholding certificate and pending count (11.1914ms)
✔ duplicate is unsaved draft without payment, snapshot or certificate identity (6.4299ms)
✔ income category and currency never infer withholding rate (4.1658ms)
✔ cannot edit issued records or use preset metadata to forge history (3.7267ms)
✔ payment records date explicitly and preserves issued financial snapshot (6.0365ms)
✔ receipt derives source financial contents and parties from immutable invoice (6.3518ms)
✔ finalized commercial documents enter the usable sent lifecycle (5.7341ms)
✔ parallel saves are serialized and retry after rejected storage is safe (6.1836ms)
✔ quotation conversion opens draft, splitting saves drafts without rewriting source (10.822ms)
✔ receipt-to-invoice changes cannot manufacture payment metadata or income (7.4412ms)
✔ type-less legacy tombstones stay deleted, readable, non-printable and unchanged across migration (30.8509ms)
✔ every legacy document type exposes retained fields without inventing current issuer or buyer (4.7509ms)
✔ historical review labels translate and later-reviewed parties stay separate from original unknowns (8.9696ms)
✔ review is non-mutating and escapes imported historical text (7.7482ms)
✔ reviewing an unknown currency does not grant authoritative output (4.1017ms)
✔ tax invoices remain blocked even with a structurally valid frozen snapshot (32.8514ms)
✔ migration keeps referenced customer tombstones and document evidence on repeat loads (4.6527ms)
✔ archive visibility is separate from void, deletion and recorded payment (4.945ms)
✔ failed archive persistence does not leave a successful archive in memory (3.5471ms)
✔ rejected archive and void saves also restore state rather than leaking staged changes (4.2434ms)
✔ void button opens a real modal instead of invoking unsupported native prompt (3.5181ms)
✔ void requires a reason and rolls back failed persistence without changing evidence (3.7143ms)
✔ void modal submission requires entered reason, persists once and retains the source contents (5.7255ms)
✔ reviewed legacy payment appends separate facts without rewriting the old invoice (6.6317ms)
✔ reviewed payment rejects incomplete, unsupported and contradictory submitted facts (12.6942ms)
✔ legacy recovery refuses already paid, void, deleted, VAT, FX, partial and conflicting sources (8.7243ms)
✔ retained receipt evidence blocks a second reviewed payment even if voided or deleted (5.7977ms)
✔ false or rejected reviewed-payment saves roll back the entire sidecar and old source (5.4498ms)
✔ separate legacy receipt action issues today once and does not manufacture an old original (7.0477ms)
✔ legacy receipt failure leaves reviewed payment available without consuming a number (6.6215ms)
✔ native evidence verification refuses missing files and mismatched metadata (4.1624ms)
✔ concurrent legacy receipt requests cannot issue two receipts for one reviewed payment (6.0113ms)
✔ receipt creation revalidates restored review facts and does not silently adopt changed source amounts (25.3422ms)
✔ reviewed payment settles collection views and counts once before and after a new receipt (8.5634ms)
✔ archive export includes reference context and review events without pretending they are original parties (5.0908ms)
✔ unanswered groups stay unallocated and are listed for review (20.9226ms)
✔ answers resolve groups: not income is excluded, one payment counts once, accountant stays open (10.3428ms)
✔ a changed source record invalidates its answer instead of silently keeping it (4.1948ms)
✔ requires confirmation, a note, a valid decision and a countable representative (5.3131ms)
✔ stale preview, failed backup and failed save never store answers (16.9541ms)
✔ busy guard blocks a second save while the first is writing (11.223ms)
✔ main and renderer reject malformed answers and accept the valid shape (99.7033ms)
✔ dashboard shows one to-do line instead of an empty pair card, and the received tag explains the gap (37.7704ms)
✔ certificate metadata retains confirmed legacy income and immutable evidence; payment changes invalidate it (6.5329ms)
✔ ordinary payment matches also survive certificate tracking while dates and membership stay protected (9.9551ms)
✔ source reversion cannot revive a superseded owner answer (6.8333ms)
✔ excluded non-income records do not leave income metadata warnings (4.1931ms)
✔ imported same-payment answers cannot consume an ineligible representative or revive an older answer (5.0415ms)
✔ legacy deletion markers survive native restore/load/save/reopen with exact fields (100.109ms)
✔ type-less live, malformed, duplicate and financial payloads still reject without replacing data (78.6654ms)
✔ native and renderer legacy-marker predicates remain identical (9.3231ms)
✔ IPC rejects missing, foreign-window and subframe callers (20.8597ms)
✔ nested malformed restore rejects before changing active bytes (30.7044ms)
✔ legacy unknown fields and missing historical particulars survive validation (52.5846ms)
✔ pre-2.0.4 exact source copy is permanent, verified and not repeated on restart (111.7403ms)
✔ preservation failure fails load closed and leaves original store intact (28.0589ms)
✔ quit drains delayed local queue even after renderer acknowledgment (8.3176ms)
✔ renderer save rejection cancels quit without discarding state (4.9255ms)
✔ window close drains queue and correlated acknowledgment before destroying renderer (8.5779ms)
✔ window close failure stays open and sends correlated cancellation (7.1818ms)
✔ window close timeout keeps renderer alive and discards stale acknowledgment (9.9006ms)
✔ review event shapes reject malformed payloads before replacement; extra provenance remains (70.3283ms)
✔ native failed save blocks quit until successful retry (32.5011ms)
✔ evidence attach deduplicates immutable bytes, exports exact original, exposes no path (72.0646ms)
✔ evidence rejects unknown type, oversized files, invalid hashes and corrupt retained bytes (42.6022ms)
✔ evidence bundle round-trip validates all entries before copying and does not touch DB (68.7979ms)
✔ evidence exports cannot overwrite internal app data (76.0875ms)
✔ document and payment outcome artwork waits for persistence and stays absent on failure (80.2875ms)
✔ native export and backup outcomes require a confirmed file and ignore cancellation/errors (4.7777ms)
✔ issue checklist lists every blocker at once, each fix routed to its place (22.2215ms)
✔ checklist is never empty when the authoritative gate rejects an ordinary document (6.07ms)
✔ issuing from the editor shows the checklist instead of a single toast (4.6652ms)
✔ unit prices are kept to two decimals so printed lines add up (4.6669ms)
✔ receipt VAT prompt records only an explicit non-VAT answer and rolls back on failed save (9.8116ms)
✔ first-run setup records a VAT answer only when the owner chooses one (10.7483ms)
✔ tax-ID feedback flags letters and short numbers once the field is left (7.2024ms)
✔ dashboard withholding card counts certificates still pending after payment (52.2903ms)
✔ corrected receipt preserves originals and income, supports retained archived installments, and freezes reviewed parties (70.4655ms)
✔ eligibility rejects deleted, voided, VAT, foreign, invalid dates, amount and missing party facts (5.6447ms)
✔ missing confirmations and duplicate IDs never allocate numbers or save (6.0459ms)
✔ backup failure and persist failure roll back numbers and events; retry issues exactly once (10.2309ms)
✔ recheck after backup rejects changed source or parties without issuance (9.0598ms)
✔ reissued receipt numbers share collision checks with ordinary documents (9.8368ms)
✔ renderer and main schemas reject forged amounts, references, duplicate corrections and numbers (30.7599ms)
✔ main storage refuses to rewrite or remove an issued correction during an ordinary save (81.1806ms)
✔ month-end recurrence clamps and preserves original anchor across successive generations (25.2081ms)
✔ failed and rejected saves roll back invoice, counters and recurring schedule (7.3714ms)
✔ parallel generation is serialized and cannot create duplicate invoices (3.6929ms)
✔ recurring draft numbering skips all retained numbers (4.4544ms)
✔ recurring template edits and deletion rollback on failed persistence (4.6819ms)
✔ production config rejects the observed prefix corruption without leaking its contents (1.1461ms)
✔ packaging rejects missing/malformed embedded configuration even when the source passes (38.9213ms)
✔ backup dates use local timezone including date rollover, old/new names and mtime fallback (4.7231ms)
✔ failed load never sends a save and does not claim success (2.1491ms)
✔ changed Drive file locks renderer and does not create journal/sync/success events (1.728ms)
✔ successful save triggers journal and sync only after disk confirms (2.6172ms)
✔ pending persistence tracks the real disk promise until completion for quit coordination (1.7821ms)
✔ 2.0.3 pauses automatic Pro sync even after load recovery (1.7664ms)
✔ frozen buyer, category and FX remain authoritative for reports after profile edits (57.885ms)
✔ missing and invalid payment dates remain unallocated, never fall back to issue date (4.7529ms)
✔ distinct positive payment IDs on the same invoice remain distinct payments (5.6661ms)
✔ historical children with distinct IDs remain ambiguous without authoritative payment snapshots (5.0694ms)
✔ explicit identity deduplicates equivalent invoice and receipt evidence (4.3825ms)
✔ ambiguous parent-only and conflicting explicit payment records never choose arbitrary totals (5.227ms)
✔ unknown issued currency does not produce a THB or FX total (6.88ms)
✔ split progress separates drafts, excludes voided children and ignores draft receipts (4.3599ms)
✔ document-row inline handlers treat imported IDs as literal strings, never code (5.8807ms)
✔ reviewed legacy payment projects immutable facts without changing original invoice or inventing snapshot (11.5297ms)
✔ physical receipt replaces projection exactly once, including retained void or deletion evidence (14.2339ms)
✔ receipt drafts do not erase reviewed payment projections and imported fields cannot forge them (4.593ms)
✔ virtual payment WHT and document-row actions navigate retained source, not missing virtual IDs (13.3109ms)
✔ malformed imported review amounts are flagged and never crash CSV or contaminate totals (4.3587ms)
✔ unconfirmed or unsupported imported payment events neither settle invoices nor create report income (36.1913ms)
✔ valid reviewed payment remains settled despite later current business and client changes (4.5299ms)
✔ paid invoice counts once without a receipt (23.0186ms)
✔ historical dashboard shows a separate non-double-counted provisional sum, excluding conflicts and deletion (37.8532ms)
✔ explicit matching counts one payment, preserves originals and invalidates when source changes (7.2348ms)
✔ payment match requires confirmation, backup and durable save (7.5828ms)
✔ forged, duplicate, changed or conflicting matching snapshots cannot affect reports (4.5706ms)
✔ explicit receipt/source identity deduplicates but unidentified extra receipt remains ambiguous (4.9329ms)
✔ matching payment IDs deduplicate receipts without parent IDs (6.2428ms)
✔ duplicate invoices sharing payment identity are counted once and flagged (4.9184ms)
✔ draft receipts excluded; void and tombstones do not erase payments (3.4363ms)
✔ only explicit 40(5)–40(8) enter half-year summary (3.7068ms)
✔ legacy FX pre-VAT income agrees in reports, categories, filing and CSV (4.6313ms)
✔ missing or non-finite FX is incomplete, not certified zero income (4.281ms)
✔ unknown and invalid payment dates retain uncertainty (3.4068ms)
✔ non-finite amounts do not contaminate totals (4.3019ms)
✔ tax estimate, deadline and reminder entry points are disabled (3.8932ms)
✔ filing UI has no payable/refund figures, credits or universal expense formula (8.2338ms)
✔ WHT UI tracks expected deductions and receipt counts, not certified credits (5.1184ms)
✔ certificate receipt save failure rolls back metadata and never changes frozen withholding (6.3653ms)
✔ Drive file missing at launch stays locked even when Drive brings the real file back (70.648ms)
✔ zero-byte data blocks saves and preserves the original bytes (9.6103ms)
✔ bad JSON data blocks saves and preserves the original bytes (7.9435ms)
✔ unrelated JSON data blocks saves and preserves the original bytes (5.4318ms)
✔ null data blocks saves and preserves the original bytes (5.5004ms)
✔ fresh install can save, but an initialized missing store cannot silently restart empty (21.9531ms)
✔ legacy backups protect missing default data even before the new marker exists (12.4051ms)
✔ damaged config is not replaced by device ID generation or default-path fallback (13.9986ms)
✔ overlapping saves finish in order, preserve previous data, and leave no temp files (336.3758ms)
✔ external edits or disappearance after loading never get overwritten (17.5422ms)
✔ restore unlocks failed loading and preserves even invalid original data (27.4207ms)
✔ backup restore validates first and resumes normal saving (21.6292ms)
✔ invalid linked file does not change the active store (21.8693ms)
✔ explicitly moving a healthy store preserves overwritten destination data (49.4803ms)
✔ losing all documents creates a permanent pre-replace copy before saving (24.0316ms)
✔ backup failure aborts replacement and leaves the original file intact (16.1052ms)
✔ restart within 30 minutes does not create another automatic snapshot (29.3604ms)
✔ failed atomic rename keeps original bytes and cleans the unique temp file (19.3831ms)
✔ recovery refuses to recreate an unavailable Drive directory (4.6002ms)
✔ all reviews including corrected receipts round-trip without duplicate ledger documents (3.3079ms)
✔ issued paper facts and existing payment identity cannot be silently edited (1.8577ms)
✔ explicit cancellation and WHT tracking preserve issued paper seal (0.4973ms)
✔ review deletion or mutation cannot silently remove confirmed matches (0.4943ms)
✔ preserves number formats while separating atomic sequence token (0.4797ms)
✔ counter floors retain consumed gaps and recover higher issued/corrected numbers (0.6538ms)
✔ receipt remains invisible after lost commit response; restart completes same issuance (11.6428ms)
✔ offline draft on another record remains editable while finalization result is unknown (3.6182ms)
✔ native save rejects issuance without a reservation and immutable paper edits (2.965ms)
✔ Drive receives payload; coordinator receives metadata and a separate identity token (34.5719ms)
✔ rejects credential URLs, insecure origins and untrusted file paths (1.024ms)
✔ bounds streamed response without trusting content-length and hides raw upstream error (1.9144ms)
✔ a remote batch with one real clash does not flag its members that are already identical (5.8896ms)
✔ an existing conflict clears itself once the other Mac publishes the same content (2.1447ms)
✔ a receipt for an invoice under review waits with it instead of arriving alone (1.0623ms)
✔ importing a backup that carries a sync binding cannot re-bind or lock saving (93.01ms)
✔ restore and import are refused while this Mac is connected (48.7843ms)
✔ exported backups never include the sync binding (32.8883ms)
✔ leaving Settings without changes does not create a new business version (23.5714ms)
✔ actual native save persists draft and sync state together, ignores renderer metadata tampering (77.9298ms)
✔ actual native save rejects stale renderer revision instead of overwriting a pull (27.6009ms)
✔ native IPC finalization survives lost response and retry without duplicate issued records (154.8593ms)
✔ unconfigured app cannot connect pilot even via direct IPC (14.0019ms)
✔ native sync refuses local records changed outside the v3 replica (15.4972ms)
✔ disconnect keeps local data, removes the binding and leaves a backup (77.694ms)
✔ disconnect waits while an issued document is still unconfirmed (27.7298ms)
✔ the transport sends the Pro licence to the coordinator only (40.2834ms)
✔ source runs are not connected to production and the fault switch is development-only (2.8674ms)
✔ disk restart retries unknown result once and keeps payment history singular (38.6307ms)
✔ failed atomic local acknowledgment retains retryable pending operation (24.8323ms)
✔ corrupted remote file leaves cursor and records unchanged on disk (5.8896ms)
✔ two disk replicas retain concurrent draft variants and resolve explicitly (45.3528ms)
✔ offline edit conflict preserves both variants and remains after restart and quiet pull (6.2734ms)
✔ unrelated documents continue while one record needs review (1.0296ms)
✔ unknown outcome retains exactly the same operation, files and content across restarts (0.9537ms)
✔ pull before ACK handles own operation without treating later local edits as conflicting (0.6336ms)
✔ hash failure, schema failure and cursor gaps never mutate the replica (0.6252ms)
✔ reviews and deletions are records; replay cannot create a second event (0.424ms)
✔ rejection cannot discard an operation until conflicting remote data is durable (0.8621ms)
✔ bad ACK cannot clear the outbox (2.4535ms)
✔ dependent transaction is held together instead of partially changing payment facts (1.0233ms)
✔ later dependent updates join an existing conflict group before resolution (0.6753ms)
ℹ tests 264
ℹ suites 0
ℹ pass 264
ℹ fail 0
ℹ cancelled 0
ℹ skipped 0
ℹ todo 0
ℹ duration_ms 1753.4985
