
> billngai-app@2.0.13 test
> node --test test/*.test.cjs

✔ effects default off; preference is local and playback errors cannot change financial records (9.619542ms)
✔ explicit preview works while effects are off; unknown assets never start (0.843541ms)
✔ voice playback is explicit, exclusive, and survives stale rejection/completion from prior clips (0.916584ms)
✔ guide can be stopped with its own button and English UI explicitly labels Thai speech (0.84975ms)
✔ draft saves stay quiet; failed issuance never plays completion; successful receipt creation is idempotent (27.480042ms)
✔ PDF cancellation is silent, export success cues once, and export failure never sounds successful (1.167958ms)
✔ packaging includes local effects and female voices only (0.505292ms)
✔ trusted control taps survive a render, stay short and quiet, and throttle rapid repeats (1.330125ms)
✔ taps exclude disabled and synthetic controls, audio UI, outcome actions, typing and active speech (1.606125ms)
✔ bulk proposals preserve all originals, counters and payment totals (9.81775ms)
✔ eligibility rejects deleted, VAT, unknown currency, split and malformed records without selecting them (2.249ms)
✔ delivery and VAT require explicit valid facts, not prefilled assumptions (2.120541ms)
✔ stale preview and stale source during backup never save (1.618291ms)
✔ backup failure and false/rejected save roll back the whole batch (6.891958ms)
✔ repeated preparation and concurrent submission cannot create duplicates (2.6035ms)
✔ render failure after successful save does not roll memory back (1.519667ms)
✔ review screen escapes untrusted values and exports review-only packet (26.1425ms)
✔ correction event validators match and reject fake issued proposals (46.673625ms)
✔ milestone sequence and count render as inert text in list and lineage (32.880334ms)
✔ failed settings save retains original data and entered form value without success (1.462917ms)
✔ failed customer edits preserve data and keep the form available for retry (1.214541ms)
✔ customer deletion false/rejected saves roll back before allowing retry (1.153ms)
✔ retained deleted and voided documents prevent removal of referenced customer context (1.288959ms)
✔ customer deletion busy guard prevents a second staged delete during a slow write (1.591ms)
✔ asset removal failures retain the original image and do not render success (1.705375ms)
✔ asset file selection persists once and restores prior image on failure (1.762292ms)
✔ late image reads cannot overwrite a changed profile or race an issuance write (4.360791ms)
✔ failed image reads and unsupported asset keys never mutate business data (0.825834ms)
✔ inline renderer syntax remains valid (7.190667ms)
✔ all cloud mutation/read/ack IPC entries fail before touching data (7.261958ms)
✔ renderer sync/connect/restore and e-Tax entry points are contained (0.687875ms)
✔ fresh profile never assumes VAT registration or a 3 percent withholding rule (0.310708ms)
✔ income report uses the same unique payment set and never counts draft receipts (17.421875ms)
✔ CSV treats formulas as text, quotes carriage returns and does not invent payment dates (1.249875ms)
✔ legacy draft VAT correction is explicit, unsaved and resets confirmations (1.273209ms)
✔ imported draft numeric/date fields cannot break out of editor attributes (1.699084ms)
✔ record-payment button opens a date modal without mutating an issued invoice (26.381791ms)
✔ payment modal validates actual date and full-payment confirmation before persisting (3.388583ms)
✔ payment save failure leaves invoice and counters unchanged and can retry with explicit facts (2.158959ms)
✔ voided invoice no longer appears collectible or exposes a payment quick action (1.763125ms)
✔ legacy, deleted and voided invoices never offer impossible one-click payment actions (1.055625ms)
✔ declining an issued quotation preserves the frozen original and changes commercial status (5.108917ms)
✔ source no longer uses unsupported browser prompt for native document actions (0.492292ms)
✔ draft warning belongs to paper content and is not a print-hidden banner (5.130084ms)
✔ legacy tax-invoice drafts cannot print, share or reach tax-labelled paper (3.2235ms)
✔ malformed nested import is rejected before it can replace the active database (2.906375ms)
✔ imported IDs round-trip through inline-handler encoding as data, never executable code (5.146917ms)
✔ actual imported document row handlers keep a crafted ID inert (2.252958ms)
✔ issued snapshot freezes financial inputs, identity, language, dates and rendered color (24.577916ms)
✔ snapshot computes exactly once and does not nest on repeated freezing (4.414083ms)
✔ legacy issued migration retains original number, absent currency and old tombstones (2.980458ms)
✔ missing legacy status is conservatively treated as issued (1.85275ms)
✔ legacy output is quarantined while raw calculation does not follow current VAT profile (1.686125ms)
✔ currency is not a withholding exemption (8.975375ms)
✔ English-only ordinary receipts fall back to bilingual product scope (4.562375ms)
✔ draft paper is clearly marked and is not issued (4.065167ms)
✔ duplicate issued numbers block both originals including retained tombstones (1.574166ms)
✔ issued deletion is refused without changing the record (1.103791ms)
✔ void requires reason and keeps amounts, original copy and payment identity (1.189084ms)
✔ failed void persistence restores all fields (1.459ms)
✔ PDF/direct print and beforeprint keyboard path cannot emit quarantined originals (1.536917ms)
✔ archive exposes retained raw review data and JSON export without authoritative output (1.839375ms)
✔ malformed snapshot is quarantined and cannot crash computation or migration (1.575792ms)
✔ persisted snapshot HTML is never injected and image/quantity/currency inputs are escaped (2.143459ms)
✔ existing issued records cannot receive invented snapshots (3.109208ms)
✔ receipt freeze may inherit original invoice identity without touching current profiles (2.533292ms)
✔ issuance requires explicit non-VAT status; tax invoices always rejected (11.283792ms)
✔ rejects invalid dates, payment acknowledgement, numeric inputs and issuer fields (3.209333ms)
✔ issuance freezes output and does not consume records or numbers after failed storage (16.174833ms)
✔ new numbers never reuse retained deleted or void numbers (2.50775ms)
✔ receipt shortcut rejects draft payment and returns a single receipt for repeated clicks (3.423166ms)
✔ derived receipt preserves the payment withholding certificate and pending count (3.995542ms)
✔ duplicate is unsaved draft without payment, snapshot or certificate identity (4.548125ms)
✔ income category and currency never infer withholding rate (3.394708ms)
✔ cannot edit issued records or use preset metadata to forge history (3.669083ms)
✔ payment records date explicitly and preserves issued financial snapshot (3.91675ms)
✔ receipt derives source financial contents and parties from immutable invoice (3.815792ms)
✔ finalized commercial documents enter the usable sent lifecycle (1.334166ms)
✔ parallel saves are serialized and retry after rejected storage is safe (2.922375ms)
✔ quotation conversion opens draft, splitting saves drafts without rewriting source (2.915833ms)
✔ receipt-to-invoice changes cannot manufacture payment metadata or income (1.71775ms)
✔ type-less legacy tombstones stay deleted, readable, non-printable and unchanged across migration (13.803083ms)
✔ every legacy document type exposes retained fields without inventing current issuer or buyer (2.879208ms)
✔ historical review labels translate and later-reviewed parties stay separate from original unknowns (2.88525ms)
✔ review is non-mutating and escapes imported historical text (2.35625ms)
✔ reviewing an unknown currency does not grant authoritative output (1.549458ms)
✔ tax invoices remain blocked even with a structurally valid frozen snapshot (24.235ms)
✔ migration keeps referenced customer tombstones and document evidence on repeat loads (1.889875ms)
✔ archive visibility is separate from void, deletion and recorded payment (3.065958ms)
✔ failed archive persistence does not leave a successful archive in memory (1.636333ms)
✔ rejected archive and void saves also restore state rather than leaking staged changes (1.786333ms)
✔ void button opens a real modal instead of invoking unsupported native prompt (1.51325ms)
✔ void requires a reason and rolls back failed persistence without changing evidence (1.068583ms)
✔ void modal submission requires entered reason, persists once and retains the source contents (1.616209ms)
✔ reviewed legacy payment appends separate facts without rewriting the old invoice (5.353875ms)
✔ reviewed payment rejects incomplete, unsupported and contradictory submitted facts (9.262667ms)
✔ legacy recovery refuses already paid, void, deleted, VAT, FX, partial and conflicting sources (11.396917ms)
✔ retained receipt evidence blocks a second reviewed payment even if voided or deleted (5.432375ms)
✔ false or rejected reviewed-payment saves roll back the entire sidecar and old source (3.580375ms)
✔ separate legacy receipt action issues today once and does not manufacture an old original (7.064667ms)
✔ legacy receipt failure leaves reviewed payment available without consuming a number (2.809792ms)
✔ native evidence verification refuses missing files and mismatched metadata (1.267416ms)
✔ concurrent legacy receipt requests cannot issue two receipts for one reviewed payment (2.008916ms)
✔ receipt creation revalidates restored review facts and does not silently adopt changed source amounts (15.566416ms)
✔ reviewed payment settles collection views and counts once before and after a new receipt (4.744458ms)
✔ archive export includes reference context and review events without pretending they are original parties (1.629958ms)
✔ unanswered groups stay unallocated and are listed for review (13.376917ms)
✔ answers resolve groups: not income is excluded, one payment counts once, accountant stays open (4.536667ms)
✔ a changed source record invalidates its answer instead of silently keeping it (2.065333ms)
✔ requires confirmation, a note, a valid decision and a countable representative (3.06575ms)
✔ stale preview, failed backup and failed save never store answers (5.819ms)
✔ busy guard blocks a second save while the first is writing (4.018042ms)
✔ main and renderer reject malformed answers and accept the valid shape (50.589542ms)
✔ dashboard shows one to-do line instead of an empty pair card, and the received tag explains the gap (15.9495ms)
✔ certificate metadata retains confirmed legacy income and immutable evidence; payment changes invalidate it (2.406709ms)
✔ ordinary payment matches also survive certificate tracking while dates and membership stay protected (4.974208ms)
✔ source reversion cannot revive a superseded owner answer (6.678ms)
✔ excluded non-income records do not leave income metadata warnings (4.192917ms)
✔ imported same-payment answers cannot consume an ineligible representative or revive an older answer (2.7435ms)
✔ legacy deletion markers survive native restore/load/save/reopen with exact fields (91.095333ms)
✔ type-less live, malformed, duplicate and financial payloads still reject without replacing data (52.367291ms)
✔ native and renderer legacy-marker predicates remain identical (4.670917ms)
✔ IPC rejects missing, foreign-window and subframe callers (13.916541ms)
✔ nested malformed restore rejects before changing active bytes (33.377583ms)
✔ legacy unknown fields and missing historical particulars survive validation (35.463209ms)
✔ pre-2.0.4 exact source copy is permanent, verified and not repeated on restart (76.775583ms)
✔ preservation failure fails load closed and leaves original store intact (12.041417ms)
✔ quit drains delayed local queue even after renderer acknowledgment (5.556792ms)
✔ renderer save rejection cancels quit without discarding state (7.8115ms)
✔ window close drains queue and correlated acknowledgment before destroying renderer (2.3375ms)
✔ window close failure stays open and sends correlated cancellation (3.557833ms)
✔ window close timeout keeps renderer alive and discards stale acknowledgment (7.328709ms)
✔ review event shapes reject malformed payloads before replacement; extra provenance remains (62.87525ms)
✔ native failed save blocks quit until successful retry (79.862042ms)
✔ evidence attach deduplicates immutable bytes, exports exact original, exposes no path (77.039958ms)
✔ evidence rejects unknown type, oversized files, invalid hashes and corrupt retained bytes (100.712458ms)
✔ evidence bundle round-trip validates all entries before copying and does not touch DB (75.93075ms)
✔ evidence exports cannot overwrite internal app data (97.790833ms)
✔ document and payment outcome artwork waits for persistence and stays absent on failure (29.357958ms)
✔ native export and backup outcomes require a confirmed file and ignore cancellation/errors (1.882958ms)
✔ issue checklist lists every blocker at once, each fix routed to its place (12.565541ms)
✔ checklist is never empty when the authoritative gate rejects an ordinary document (2.145417ms)
✔ issuing from the editor shows the checklist instead of a single toast (2.788625ms)
✔ unit prices are kept to two decimals so printed lines add up (1.431875ms)
✔ receipt VAT prompt records only an explicit non-VAT answer and rolls back on failed save (2.020667ms)
✔ first-run setup records a VAT answer only when the owner chooses one (1.681166ms)
✔ tax-ID feedback flags letters and short numbers once the field is left (1.162167ms)
✔ dashboard withholding card counts certificates still pending after payment (13.751209ms)
✔ corrected receipt preserves originals and income, supports retained archived installments, and freezes reviewed parties (23.504875ms)
✔ eligibility rejects deleted, voided, VAT, foreign, invalid dates, amount and missing party facts (1.875459ms)
✔ missing confirmations and duplicate IDs never allocate numbers or save (2.807625ms)
✔ backup failure and persist failure roll back numbers and events; retry issues exactly once (4.124542ms)
✔ recheck after backup rejects changed source or parties without issuance (2.999542ms)
✔ reissued receipt numbers share collision checks with ordinary documents (4.043541ms)
✔ renderer and main schemas reject forged amounts, references, duplicate corrections and numbers (16.687291ms)
✔ main storage refuses to rewrite or remove an issued correction during an ordinary save (78.9195ms)
✔ month-end recurrence clamps and preserves original anchor across successive generations (10.214584ms)
✔ failed and rejected saves roll back invoice, counters and recurring schedule (2.973875ms)
✔ parallel generation is serialized and cannot create duplicate invoices (0.855916ms)
✔ recurring draft numbering skips all retained numbers (1.445917ms)
✔ recurring template edits and deletion rollback on failed persistence (1.749792ms)
✔ production config rejects the observed prefix corruption without leaking its contents (0.93675ms)
✔ packaging rejects missing/malformed embedded configuration even when the source passes (70.010625ms)
✔ backup dates use local timezone including date rollover, old/new names and mtime fallback (3.808625ms)
✔ failed load never sends a save and does not claim success (1.266625ms)
✔ changed Drive file locks renderer and does not create journal/sync/success events (1.260875ms)
✔ successful save triggers journal and sync only after disk confirms (0.619959ms)
✔ pending persistence tracks the real disk promise until completion for quit coordination (0.702542ms)
✔ 2.0.3 pauses automatic Pro sync even after load recovery (0.529834ms)
✔ frozen buyer, category and FX remain authoritative for reports after profile edits (22.99675ms)
✔ missing and invalid payment dates remain unallocated, never fall back to issue date (1.162125ms)
✔ distinct positive payment IDs on the same invoice remain distinct payments (1.607166ms)
✔ historical children with distinct IDs remain ambiguous without authoritative payment snapshots (1.299625ms)
✔ explicit identity deduplicates equivalent invoice and receipt evidence (1.942625ms)
✔ ambiguous parent-only and conflicting explicit payment records never choose arbitrary totals (1.187042ms)
✔ unknown issued currency does not produce a THB or FX total (0.860458ms)
✔ split progress separates drafts, excludes voided children and ignores draft receipts (1.106209ms)
✔ document-row inline handlers treat imported IDs as literal strings, never code (2.624084ms)
✔ reviewed legacy payment projects immutable facts without changing original invoice or inventing snapshot (3.186541ms)
✔ physical receipt replaces projection exactly once, including retained void or deletion evidence (3.409875ms)
✔ receipt drafts do not erase reviewed payment projections and imported fields cannot forge them (2.442416ms)
✔ virtual payment WHT and document-row actions navigate retained source, not missing virtual IDs (3.428666ms)
✔ malformed imported review amounts are flagged and never crash CSV or contaminate totals (1.493417ms)
✔ unconfirmed or unsupported imported payment events neither settle invoices nor create report income (11.003625ms)
✔ valid reviewed payment remains settled despite later current business and client changes (1.851333ms)
✔ paid invoice counts once without a receipt (10.461ms)
✔ historical dashboard shows a separate non-double-counted provisional sum, excluding conflicts and deletion (11.723083ms)
✔ explicit matching counts one payment, preserves originals and invalidates when source changes (2.932042ms)
✔ payment match requires confirmation, backup and durable save (2.3495ms)
✔ forged, duplicate, changed or conflicting matching snapshots cannot affect reports (1.870167ms)
✔ explicit receipt/source identity deduplicates but unidentified extra receipt remains ambiguous (1.014083ms)
✔ matching payment IDs deduplicate receipts without parent IDs (1.524583ms)
✔ duplicate invoices sharing payment identity are counted once and flagged (2.589875ms)
✔ draft receipts excluded; void and tombstones do not erase payments (1.353667ms)
✔ only explicit 40(5)–40(8) enter half-year summary (1.502166ms)
✔ legacy FX pre-VAT income agrees in reports, categories, filing and CSV (1.74125ms)
✔ missing or non-finite FX is incomplete, not certified zero income (1.649375ms)
✔ unknown and invalid payment dates retain uncertainty (1.001ms)
✔ non-finite amounts do not contaminate totals (1.786792ms)
✔ tax estimate, deadline and reminder entry points are disabled (1.322083ms)
✔ filing UI has no payable/refund figures, credits or universal expense formula (1.937792ms)
✔ WHT UI tracks expected deductions and receipt counts, not certified credits (1.66275ms)
✔ certificate receipt save failure rolls back metadata and never changes frozen withholding (3.29275ms)
✔ Drive file missing at launch stays locked even when Drive brings the real file back (68.284625ms)
✔ zero-byte data blocks saves and preserves the original bytes (7.410125ms)
✔ bad JSON data blocks saves and preserves the original bytes (7.831458ms)
✔ unrelated JSON data blocks saves and preserves the original bytes (8.328375ms)
✔ null data blocks saves and preserves the original bytes (11.020667ms)
✔ fresh install can save, but an initialized missing store cannot silently restart empty (68.426833ms)
✔ legacy backups protect missing default data even before the new marker exists (29.908875ms)
✔ damaged config is not replaced by device ID generation or default-path fallback (19.840792ms)
✔ overlapping saves finish in order, preserve previous data, and leave no temp files (379.936084ms)
✔ external edits or disappearance after loading never get overwritten (15.936208ms)
✔ restore unlocks failed loading and preserves even invalid original data (30.872167ms)
✔ backup restore validates first and resumes normal saving (27.224083ms)
✔ invalid linked file does not change the active store (25.915833ms)
✔ explicitly moving a healthy store preserves overwritten destination data (59.738917ms)
✔ losing all documents creates a permanent pre-replace copy before saving (27.414667ms)
✔ backup failure aborts replacement and leaves the original file intact (15.033667ms)
✔ restart within 30 minutes does not create another automatic snapshot (32.36225ms)
✔ failed atomic rename keeps original bytes and cleans the unique temp file (25.901459ms)
✔ recovery refuses to recreate an unavailable Drive directory (1.735625ms)
✔ all reviews including corrected receipts round-trip without duplicate ledger documents (1.695125ms)
✔ issued paper facts and existing payment identity cannot be silently edited (0.570917ms)
✔ explicit cancellation and WHT tracking preserve issued paper seal (0.1215ms)
✔ review deletion or mutation cannot silently remove confirmed matches (0.158292ms)
✔ preserves number formats while separating atomic sequence token (0.22425ms)
✔ counter floors retain consumed gaps and recover higher issued/corrected numbers (0.377459ms)
✔ receipt remains invisible after lost commit response; restart completes same issuance (5.994292ms)
✔ offline draft on another record remains editable while finalization result is unknown (1.945166ms)
✔ native save rejects issuance without a reservation and immutable paper edits (0.824125ms)
✔ Drive receives payload; coordinator receives metadata and a separate identity token (19.068667ms)
✔ rejects credential URLs, insecure origins and untrusted file paths (0.507959ms)
✔ bounds streamed response without trusting content-length and hides raw upstream error (0.739709ms)
✔ a remote batch with one real clash does not flag its members that are already identical (2.726083ms)
✔ an existing conflict clears itself once the other Mac publishes the same content (1.52725ms)
✔ a receipt for an invoice under review waits with it instead of arriving alone (0.766541ms)
✔ importing a backup that carries a sync binding cannot re-bind or lock saving (130.397291ms)
✔ restore and import are refused while this Mac is connected (72.761459ms)
✔ exported backups never include the sync binding (89.194708ms)
✔ leaving Settings without changes does not create a new business version (7.364417ms)
✔ actual native save persists draft and sync state together, ignores renderer metadata tampering (97.345042ms)
✔ actual native save rejects stale renderer revision instead of overwriting a pull (70.28675ms)
✔ native IPC finalization survives lost response and retry without duplicate issued records (230.944334ms)
✔ unconfigured app cannot connect pilot even via direct IPC (52.933583ms)
✔ native sync refuses local records changed outside the v3 replica (45.983208ms)
✔ disconnect keeps local data, removes the binding and leaves a backup (168.071125ms)
✔ disconnect waits while an issued document is still unconfirmed (99.848167ms)
✔ the transport sends the Pro licence to the coordinator only (11.207333ms)
✔ source runs are not connected to production and the fault switch is development-only (1.062083ms)
✔ disk restart retries unknown result once and keeps payment history singular (116.488792ms)
✔ failed atomic local acknowledgment retains retryable pending operation (128.48975ms)
✔ corrupted remote file leaves cursor and records unchanged on disk (24.663208ms)
✔ two disk replicas retain concurrent draft variants and resolve explicitly (186.460375ms)
✔ offline edit conflict preserves both variants and remains after restart and quiet pull (2.608416ms)
✔ unrelated documents continue while one record needs review (0.350166ms)
✔ unknown outcome retains exactly the same operation, files and content across restarts (0.259917ms)
✔ pull before ACK handles own operation without treating later local edits as conflicting (0.208416ms)
✔ hash failure, schema failure and cursor gaps never mutate the replica (0.828375ms)
✔ reviews and deletions are records; replay cannot create a second event (0.311458ms)
✔ rejection cannot discard an operation until conflicting remote data is durable (0.295958ms)
✔ bad ACK cannot clear the outbox (0.1235ms)
✔ dependent transaction is held together instead of partially changing payment facts (0.153416ms)
✔ later dependent updates join an existing conflict group before resolution (0.148709ms)
ℹ tests 264
ℹ suites 0
ℹ pass 264
ℹ fail 0
ℹ cancelled 0
ℹ skipped 0
ℹ todo 0
ℹ duration_ms 1167.964167
