--prepared:/Users/lighthouse-control/Documents/Personal-Project/บิลงาน-Project/BillNgai-release-2.0.10/dist/2.0.10-staging/mac-universal/BillNgai.app/Contents/Frameworks/BillNgai Helper (Plugin).app
--prepared:/Users/lighthouse-control/Documents/Personal-Project/บิลงาน-Project/BillNgai-release-2.0.10/dist/2.0.10-staging/mac-universal/BillNgai.app/Contents/Frameworks/ReactiveObjC.framework/Versions/Current/.
--prepared:/Users/lighthouse-control/Documents/Personal-Project/บิลงาน-Project/BillNgai-release-2.0.10/dist/2.0.10-staging/mac-universal/BillNgai.app/Contents/Frameworks/Squirrel.framework/Versions/Current/.
--validated:/Users/lighthouse-control/Documents/Personal-Project/บิลงาน-Project/BillNgai-release-2.0.10/dist/2.0.10-staging/mac-universal/BillNgai.app/Contents/Frameworks/BillNgai Helper (Plugin).app
--validated:/Users/lighthouse-control/Documents/Personal-Project/บิลงาน-Project/BillNgai-release-2.0.10/dist/2.0.10-staging/mac-universal/BillNgai.app/Contents/Frameworks/ReactiveObjC.framework/Versions/Current/.
--prepared:/Users/lighthouse-control/Documents/Personal-Project/บิลงาน-Project/BillNgai-release-2.0.10/dist/2.0.10-staging/mac-universal/BillNgai.app/Contents/Frameworks/BillNgai Helper.app
--validated:/Users/lighthouse-control/Documents/Personal-Project/บิลงาน-Project/BillNgai-release-2.0.10/dist/2.0.10-staging/mac-universal/BillNgai.app/Contents/Frameworks/Squirrel.framework/Versions/Current/.
--prepared:/Users/lighthouse-control/Documents/Personal-Project/บิลงาน-Project/BillNgai-release-2.0.10/dist/2.0.10-staging/mac-universal/BillNgai.app/Contents/Frameworks/BillNgai Helper (Renderer).app
--prepared:/Users/lighthouse-control/Documents/Personal-Project/บิลงาน-Project/BillNgai-release-2.0.10/dist/2.0.10-staging/mac-universal/BillNgai.app/Contents/Frameworks/BillNgai Helper (GPU).app
--validated:/Users/lighthouse-control/Documents/Personal-Project/บิลงาน-Project/BillNgai-release-2.0.10/dist/2.0.10-staging/mac-universal/BillNgai.app/Contents/Frameworks/BillNgai Helper.app
--prepared:/Users/lighthouse-control/Documents/Personal-Project/บิลงาน-Project/BillNgai-release-2.0.10/dist/2.0.10-staging/mac-universal/BillNgai.app/Contents/Frameworks/Mantle.framework/Versions/Current/.
--validated:/Users/lighthouse-control/Documents/Personal-Project/บิลงาน-Project/BillNgai-release-2.0.10/dist/2.0.10-staging/mac-universal/BillNgai.app/Contents/Frameworks/BillNgai Helper (GPU).app
--validated:/Users/lighthouse-control/Documents/Personal-Project/บิลงาน-Project/BillNgai-release-2.0.10/dist/2.0.10-staging/mac-universal/BillNgai.app/Contents/Frameworks/BillNgai Helper (Renderer).app
--validated:/Users/lighthouse-control/Documents/Personal-Project/บิลงาน-Project/BillNgai-release-2.0.10/dist/2.0.10-staging/mac-universal/BillNgai.app/Contents/Frameworks/Mantle.framework/Versions/Current/.
--prepared:/Users/lighthouse-control/Documents/Personal-Project/บิลงาน-Project/BillNgai-release-2.0.10/dist/2.0.10-staging/mac-universal/BillNgai.app/Contents/Frameworks/Electron Framework.framework/Versions/Current/.
--prepared:/Users/lighthouse-control/Documents/Personal-Project/บิลงาน-Project/BillNgai-release-2.0.10/dist/2.0.10-staging/mac-universal/BillNgai.app/Contents/Frameworks/Electron Framework.framework/Versions/Current/Helpers/chrome_crashpad_handler
--validated:/Users/lighthouse-control/Documents/Personal-Project/บิลงาน-Project/BillNgai-release-2.0.10/dist/2.0.10-staging/mac-universal/BillNgai.app/Contents/Frameworks/Electron Framework.framework/Versions/Current/Helpers/chrome_crashpad_handler
--validated:/Users/lighthouse-control/Documents/Personal-Project/บิลงาน-Project/BillNgai-release-2.0.10/dist/2.0.10-staging/mac-universal/BillNgai.app/Contents/Frameworks/Electron Framework.framework/Versions/Current/.
dist/2.0.10-staging/mac-universal/BillNgai.app: valid on disk
dist/2.0.10-staging/mac-universal/BillNgai.app: satisfies its Designated Requirement
Authority=Developer ID Application: Visarut Sankham (79QFYKTJMN)
Authority=Developer ID Certification Authority
Authority=Apple Root CA
Timestamp=30 Sep BE 2569 at 14:30:12
TeamIdentifier=79QFYKTJMN
Runtime Version=26.5.0
