--prepared:/Volumes/BillNgai-2.0.11-verified/BillNgai.app/Contents/Frameworks/BillNgai Helper (GPU).app
--validated:/Volumes/BillNgai-2.0.11-verified/BillNgai.app/Contents/Frameworks/BillNgai Helper (GPU).app
--prepared:/Volumes/BillNgai-2.0.11-verified/BillNgai.app/Contents/Frameworks/BillNgai Helper (Plugin).app
--validated:/Volumes/BillNgai-2.0.11-verified/BillNgai.app/Contents/Frameworks/BillNgai Helper (Plugin).app
--prepared:/Volumes/BillNgai-2.0.11-verified/BillNgai.app/Contents/Frameworks/BillNgai Helper (Renderer).app
--validated:/Volumes/BillNgai-2.0.11-verified/BillNgai.app/Contents/Frameworks/BillNgai Helper (Renderer).app
--prepared:/Volumes/BillNgai-2.0.11-verified/BillNgai.app/Contents/Frameworks/BillNgai Helper.app
--validated:/Volumes/BillNgai-2.0.11-verified/BillNgai.app/Contents/Frameworks/BillNgai Helper.app
--prepared:/Volumes/BillNgai-2.0.11-verified/BillNgai.app/Contents/Frameworks/Electron Framework.framework/Versions/Current/.
--prepared:/Volumes/BillNgai-2.0.11-verified/BillNgai.app/Contents/Frameworks/Electron Framework.framework/Versions/Current/Helpers/chrome_crashpad_handler
--validated:/Volumes/BillNgai-2.0.11-verified/BillNgai.app/Contents/Frameworks/Electron Framework.framework/Versions/Current/Helpers/chrome_crashpad_handler
--validated:/Volumes/BillNgai-2.0.11-verified/BillNgai.app/Contents/Frameworks/Electron Framework.framework/Versions/Current/.
--prepared:/Volumes/BillNgai-2.0.11-verified/BillNgai.app/Contents/Frameworks/Mantle.framework/Versions/Current/.
--validated:/Volumes/BillNgai-2.0.11-verified/BillNgai.app/Contents/Frameworks/Mantle.framework/Versions/Current/.
--prepared:/Volumes/BillNgai-2.0.11-verified/BillNgai.app/Contents/Frameworks/ReactiveObjC.framework/Versions/Current/.
--validated:/Volumes/BillNgai-2.0.11-verified/BillNgai.app/Contents/Frameworks/ReactiveObjC.framework/Versions/Current/.
--prepared:/Volumes/BillNgai-2.0.11-verified/BillNgai.app/Contents/Frameworks/Squirrel.framework/Versions/Current/.
--validated:/Volumes/BillNgai-2.0.11-verified/BillNgai.app/Contents/Frameworks/Squirrel.framework/Versions/Current/.
/Volumes/BillNgai-2.0.11-verified/BillNgai.app: valid on disk
/Volumes/BillNgai-2.0.11-verified/BillNgai.app: satisfies its Designated Requirement
